../Core/Src/main.c:88:5:main	16	static
../Core/Src/main.c:160:6:SystemClock_Config	88	static
../Core/Src/main.c:206:13:MX_USART2_UART_Init	8	static
../Core/Src/main.c:239:13:MX_GPIO_Init	40	static
../Core/Src/main.c:266:6:USART2_IRQHandler	16	static
../Core/Src/main.c:286:6:time1	16	static
../Core/Src/main.c:293:6:UART_send_byte	16	static
../Core/Src/main.c:304:9:UART_is_buffer_empty	16	static
../Core/Src/main.c:319:9:UART_read_byte	16	static
../Core/Src/main.c:342:6:UART_send_byte_array	24	static
../Core/Src/main.c:352:10:UART_bytes_to_read	4	static
../Core/Src/main.c:370:6:Error_Handler	4	static,ignoring_inline_asm
